// Jest Snapshot v1, https://goo.gl/fbAQLP

exports[`the button component should render correctly 1`] = `
<DocumentFragment>
  <div>
    <button
      data-testid="test-btn"
      type="button"
    />
  </div>
</DocumentFragment>
`;
